// Jest Snapshot v1, https://goo.gl/fbAQLP

exports[`Componente de transação do extrato O snapshot do componente deve permanecer sempre o mesmo 1`] = `
<div
  class="transacao-container"
>
  <p>
    04/04/2021
  </p>
  <p>
    saque
  </p>
  <p>
    R$ 
    10.00
  </p>
</div>
`;
